$ node scripts/migrate-local.mjs

 ⛅️ wrangler 4.92.0
───────────────────
Resource location: local 

Use --remote if you want to access the remote instance.

Migrations to be applied:
┌──────────────────────────────┐
│ name                         │
├──────────────────────────────┤
│ 0014_empty_catalog_names.sql │
└──────────────────────────────┘
? About to apply 1 migration(s)
Your database may not be available to serve requests during the migration, continue?
🤖 Using fallback value in non-interactive context: yes
🌀 Executing on local database DB (00000000-0000-4000-8000-000000000000) from .wrangler/state/v3/d1:
🌀 To execute on your remote database, add a --remote flag to your wrangler command.
🚣 9 commands executed successfully.
┌──────────────────────────────┬────────┐
│ name                         │ status │
├──────────────────────────────┼────────┤
│ 0014_empty_catalog_names.sql │ ✅     │
└──────────────────────────────┴────────┘
